// Jest Snapshot v1, https://goo.gl/fbAQLP

exports[`TenantPortsList renders list 1`] = `"<tr><td><i class=\\"fa fa-chevron-right\\"></i></td><td>192.168.42.14</td><td>fa:16:3e:93:f0:7d</td><td>theses-and-papers-on-mach-sub-net</td><td><div class=\\"btn-group\\"><div class=\\"dropdown btn-group\\"><button id=\\"actions-dropdown-btn\\" role=\\"button\\" aria-haspopup=\\"true\\" aria-expanded=\\"false\\" type=\\"button\\" class=\\"dropdown-btn dropdown-toggle btn btn-default\\">Actions <span class=\\"caret\\"></span></button><ul role=\\"menu\\" class=\\"dropdown-menu dropdown-menu-right\\" aria-labelledby=\\"actions-dropdown-btn\\"></ul></div><button type=\\"button\\" class=\\"btn btn-sm btn-default\\">Details</button></div></td></tr>"`;
